[07:00:48] [ServerMain/INFO]: [bootstrap] Running Java 25 (OpenJDK 64-Bit Server VM 25.0.3+9-2-24.04.2-Ubuntu; Ubuntu null) on Linux 6.8.0-1052-azure (amd64)
[07:00:48] [ServerMain/INFO]: [bootstrap] Loading Paper 26.2-117-main@27af5dd (2026-08-24T16:42:52Z) for Minecraft 26.2
[07:00:48] [ServerMain/INFO]: [PluginInitializerManager] Initializing plugins...
[07:00:49] [ServerMain/INFO]: [PluginInitializerManager] Initialized 4 plugins
[07:00:49] [ServerMain/INFO]: [PluginInitializerManager] Bukkit plugins (4):
 - BetterHud (2.1.0-SNAPSHOT-448), Geyser-Spigot (2.11.2-SNAPSHOT), PlaceholderAPI (2.12.3), WonderEvents (26.08.1)
[07:00:53] [DataConverter MCTypeRegistry init thread/INFO]: [ca.spottedleaf.dataconverter.minecraft.datatypes.MCTypeRegistry] Initialising converters for DataConverter...
[07:00:54] [ServerMain/INFO]: Environment: Environment[sessionHost=https://sessionserver.mojang.com, servicesHost=https://api.minecraftservices.com, profilesHost=https://api.mojang.com, name=PROD]
[07:00:54] [DataConverter MCTypeRegistry init thread/INFO]: [ca.spottedleaf.dataconverter.minecraft.datatypes.MCTypeRegistry] Finished initialising converters for DataConverter in 756.6ms
[07:00:55] [ServerMain/WARN]: Error reading pack metadata, attempting fallback type
com.google.gson.JsonParseException: Pack version declaration mismatch between supported_formats (from 84) and min_format (71.0)
	at com.mojang.serialization.DataResult$Error.getOrThrow(DataResult.java:287) ~[datafixerupper-10.0.21.jar:?]
	at net.minecraft.server.packs.resources.ResourceMetadata$2.getSection(ResourceMetadata.java:38) ~[paper-26.2.jar:26.2-117-27af5dd]
	at net.minecraft.server.packs.AbstractPackResources.getMetadataSection(AbstractPackResources.java:24) ~[paper-26.2.jar:26.2-117-27af5dd]
	at net.minecraft.server.packs.repository.Pack.readPackMetadata(Pack.java:51) ~[paper-26.2.jar:26.2-117-27af5dd]
	at net.minecraft.server.packs.repository.Pack.readMetaAndCreate(Pack.java:32) ~[paper-26.2.jar:26.2-117-27af5dd]
	at net.minecraft.server.packs.repository.FolderRepositorySource.lambda$loadPacks$0(FolderRepositorySource.java:54) ~[paper-26.2.jar:26.2-117-27af5dd]
	at net.minecraft.server.packs.repository.FolderRepositorySource.discoverPacks(FolderRepositorySource.java:80) ~[paper-26.2.jar:26.2-117-27af5dd]
	at net.minecraft.server.packs.repository.FolderRepositorySource.loadPacks(FolderRepositorySource.java:52) ~[paper-26.2.jar:26.2-117-27af5dd]
	at net.minecraft.server.packs.repository.PackRepository.discoverAvailable(PackRepository.java:52) ~[paper-26.2.jar:26.2-117-27af5dd]
	at net.minecraft.server.packs.repository.PackRepository.reload(PackRepository.java:44) ~[paper-26.2.jar:26.2-117-27af5dd]
	at net.minecraft.server.MinecraftServer.configurePackRepository(MinecraftServer.java:2362) ~[paper-26.2.jar:26.2-117-27af5dd]
	at net.minecraft.server.WorldLoader$PackConfig.createResourceManager(WorldLoader.java:107) ~[paper-26.2.jar:26.2-117-27af5dd]
	at java.base/java.util.concurrent.CompletableFuture$AsyncSupply.run(CompletableFuture.java:1789) ~[?:?]
	at net.minecraft.util.Util.blockUntilDone(Util.java:1140) ~[paper-26.2.jar:26.2-117-27af5dd]
	at net.minecraft.util.Util.blockUntilDone(Util.java:1129) ~[paper-26.2.jar:26.2-117-27af5dd]
	at net.minecraft.server.Main.main(Main.java:242) ~[paper-26.2.jar:26.2-117-27af5dd]
	at io.papermc.paper.PaperBootstrap.boot(PaperBootstrap.java:25) ~[paper-26.2.jar:26.2-117-27af5dd]
	at org.bukkit.craftbukkit.Main.main(Main.java:204) ~[paper-26.2.jar:26.2-117-27af5dd]
	at io.papermc.paperclip.Paperclip.lambda$main$0(Paperclip.java:42) ~[?:?]
	at java.base/java.lang.Thread.run(Thread.java:1474) ~[?:?]
[07:00:55] [ServerMain/INFO]: Found new data pack paper, loading it automatically
[07:00:55] [ServerMain/WARN]: Non [a-z0-9_.-] character in namespace .DS_Store in pack ./world/datapacks/Health-2.3.0.zip, ignoring
[07:00:55] [ServerMain/WARN]: Non [a-z0-9_.-] character in namespace .DS_Store in pack ./world/datapacks/Health-2.3.0.zip, ignoring
[07:01:01] [Worker-Main-1/WARN]: [WorldFolderMigration] ===================== ! ALERT ! =====================
[07:01:01] [Worker-Main-1/WARN]: [WorldFolderMigration] World storage migration is required during startup.
[07:01:01] [Worker-Main-1/WARN]: [WorldFolderMigration] If you do not have a backup: interrupt the server now. Use Ctrl+C, your panel kill function, etc.
[07:01:01] [Worker-Main-1/WARN]: [WorldFolderMigration] =====================================================
[07:01:01] [Worker-Main-1/WARN]: [WorldFolderMigration] Continuing in 30 seconds...
[07:01:31] [Worker-Main-1/INFO]: [WorldFolderMigration] Continuing with startup world migration.
[07:01:31] [Worker-Main-1/INFO]: [VanillaWorldMigration] Starting Vanilla import for world 'world' (minecraft:overworld)
[07:01:31] [Worker-Main-1/INFO]: [VanillaWorldMigration] Completed Vanilla import for world 'world' (minecraft:overworld)
[07:01:31] [Worker-Main-1/WARN]: Invalid path in datapack: limbo:predicate/_ good encounter chance value.txt, ignoring
[07:01:32] [Worker-Main-1/WARN]: Found loot table element validation problem in {limbo:chests/factory_rare@minecraft:loot_table}.pools[0].entries[5].functions[2]: Parameters [<parameter minecraft:additional_cost_component_allowed>] are not provided in this context
[07:01:32] [Worker-Main-1/WARN]: Found loot table element validation problem in {limbo:chests/factory_rare@minecraft:loot_table}.pools[0].entries[6].functions[0]: Parameters [<parameter minecraft:additional_cost_component_allowed>] are not provided in this context
[07:01:32] [Worker-Main-1/WARN]: Found loot table element validation problem in {limbo:general/random_limbo_enchantment_chance@minecraft:loot_table}.pools[0].entries[0].conditions[0]: Parameters [<parameter minecraft:origin>] are not provided in this context
[07:01:32] [Worker-Main-1/WARN]: Found loot table element validation problem in {heaven:chests/heaven_village/general@minecraft:loot_table}.pools[0].entries[5]: heaven:chests/heaven_village/general of type minecraft:loot_table is recursively called
[07:01:32] [Worker-Main-1/WARN]: Found loot table element validation problem in {limbo:chests/factory_regular@minecraft:loot_table}.pools[0].entries[9].functions[2]: Parameters [<parameter minecraft:additional_cost_component_allowed>] are not provided in this context
[07:01:32] [Worker-Main-1/WARN]: Found loot table element validation problem in {limbo:chests/factory_regular@minecraft:loot_table}.pools[0].entries[10].functions[0]: Parameters [<parameter minecraft:additional_cost_component_allowed>] are not provided in this context
[07:01:34] [ServerMain/INFO]: Loaded 1616 recipes
[07:01:34] [ServerMain/ERROR]: Failed to load function diesse:ims/main
java.util.concurrent.CompletionException: java.lang.IllegalArgumentException: Whilst parsing command on line 11: Can't find element 'minecraft:daytime' of type 'minecraft:timeline' at position 67: ...ry daytime<--[HERE]
	at java.base/java.util.concurrent.CompletableFuture.wrapInCompletionException(CompletableFuture.java:323) ~[?:?]
	at java.base/java.util.concurrent.CompletableFuture.encodeThrowable(CompletableFuture.java:359) ~[?:?]
	at java.base/java.util.concurrent.CompletableFuture.completeThrowable(CompletableFuture.java:364) ~[?:?]
	at java.base/java.util.concurrent.CompletableFuture$AsyncSupply.run(CompletableFuture.java:1791) ~[?:?]
	at net.minecraft.server.packs.resources.SimpleReloadInstance.lambda$prepareTasks$1(SimpleReloadInstance.java:68) ~[paper-26.2.jar:26.2-117-27af5dd]
	at java.base/java.util.concurrent.ForkJoinTask$RunnableExecuteAction.compute(ForkJoinTask.java:1753) ~[?:?]
	at java.base/java.util.concurrent.ForkJoinTask$RunnableExecuteAction.compute(ForkJoinTask.java:1745) ~[?:?]
	at java.base/java.util.concurrent.ForkJoinTask$InterruptibleTask.exec(ForkJoinTask.java:1662) ~[?:?]
	at java.base/java.util.concurrent.ForkJoinTask.doExec(ForkJoinTask.java:511) ~[?:?]
	at java.base/java.util.concurrent.ForkJoinPool$WorkQueue.topLevelExec(ForkJoinPool.java:1450) ~[?:?]
	at java.base/java.util.concurrent.ForkJoinPool.runWorker(ForkJoinPool.java:2019) ~[?:?]
	at java.base/java.util.concurrent.ForkJoinWorkerThread.run(ForkJoinWorkerThread.java:187) ~[?:?]
Caused by: java.lang.IllegalArgumentException: Whilst parsing command on line 11: Can't find element 'minecraft:daytime' of type 'minecraft:timeline' at position 67: ...ry daytime<--[HERE]
	at net.minecraft.commands.functions.CommandFunction.fromLines(CommandFunction.java:86) ~[paper-26.2.jar:26.2-117-27af5dd]
	at net.minecraft.server.ServerFunctionLibrary.lambda$reload$3(ServerFunctionLibrary.java:91) ~[paper-26.2.jar:26.2-117-27af5dd]
	at java.base/java.util.concurrent.CompletableFuture$AsyncSupply.run(CompletableFuture.java:1789) ~[?:?]
	... 8 more
[07:01:34] [ServerMain/ERROR]: Couldn't load tag minecraft:tick as it is missing following references: diesse:ims/main (from file/Immersive sounds v2.0.zip)
[07:01:34] [ServerMain/INFO]: Loaded 2644 advancements
[07:01:34] [Server thread/INFO]: Starting minecraft server version 26.2
[07:01:34] [Server thread/INFO]: Loading properties
[07:01:34] [Server thread/INFO]: This server is running Paper version 26.2-117-main@27af5dd (2026-08-24T16:42:52Z) (Implementing API version 26.2.build.117-stable)
[07:01:35] [Server thread/INFO]: [spark] This server bundles the spark profiler. For more information please visit https://docs.papermc.io/paper/profiling
[07:01:35] [Server thread/INFO]: Server Ping Player Sample Count: 12
[07:01:35] [Server thread/INFO]: Using 4 threads for Netty based IO
[07:01:35] [Server thread/INFO]: [MoonriseCommon] Paper is using 1 worker threads, 1 I/O threads
[07:01:35] [Server thread/INFO]: Default game type: SURVIVAL
[07:01:35] [Server thread/INFO]: Generating keypair
[07:01:35] [Server thread/INFO]: Starting Minecraft server on *:25565
[07:01:35] [Server thread/INFO]: Paper: Using libdeflate (Linux x86_64) compression from Velocity.
[07:01:35] [Server thread/INFO]: Paper: Using OpenSSL 3.x.x (Linux x86_64) cipher from Velocity.
[07:01:36] [Server thread/INFO]: [Geyser-Spigot] Loading server plugin Geyser-Spigot v2.11.2-SNAPSHOT
[07:01:38] [Server thread/INFO]: [Geyser-Spigot] Loading extensions...
[07:01:38] [Server thread/INFO]: [Geyser-Spigot] Loaded 0 extension(s)
[07:01:38] [Server thread/INFO]: [PlaceholderAPI] Loading server plugin PlaceholderAPI v2.12.3
[07:01:38] [Server thread/INFO]: [WonderEvents] Loading server plugin WonderEvents v26.08.1
[07:01:38] [Server thread/INFO]: [BetterHud] Loading server plugin BetterHud v2.1.0-SNAPSHOT-448
[07:01:38] [Server thread/INFO]: Server permissions file permissions.yml is empty, ignoring it
[07:01:38] [Server thread/WARN]: **** SERVER IS RUNNING IN OFFLINE/INSECURE MODE!
[07:01:38] [Server thread/WARN]: The server will make no attempt to authenticate usernames. Beware.
[07:01:38] [Server thread/WARN]: While this makes the game possible to play without internet access, it also opens up the ability for hackers to connect with any username they choose.
[07:01:38] [Server thread/WARN]: To change this, set "online-mode" to "true" in the server.properties file.
[07:01:38] [Server thread/INFO]: Preparing level "world"
[07:01:39] [Server thread/INFO]: [VanillaWorldMigration] Starting Vanilla import for world 'world_nether' (minecraft:the_nether)
[07:01:39] [Server thread/INFO]: [VanillaWorldMigration] Completed Vanilla import for world 'world_nether' (minecraft:the_nether)
[07:01:39] [Server thread/INFO]: Selecting spawn point for level 'minecraft:the_nether'...
[07:01:45] [Server thread/INFO]: [VanillaWorldMigration] Starting Vanilla import for world 'world_the_end' (minecraft:the_end)
[07:01:45] [Server thread/INFO]: [VanillaWorldMigration] Completed Vanilla import for world 'world_the_end' (minecraft:the_end)
[07:01:45] [Server thread/INFO]: Selecting spawn point for level 'minecraft:the_end'...
[07:02:40] [Server thread/INFO]: [VanillaWorldMigration] Starting Vanilla import for world 'world_limbo_limbo_dim' (limbo:limbo_dim)
[07:02:40] [Server thread/INFO]: [VanillaWorldMigration] Completed Vanilla import for world 'world_limbo_limbo_dim' (limbo:limbo_dim)
[07:02:40] [Server thread/INFO]: Selecting spawn point for level 'limbo:limbo_dim'...
[07:02:51] [Server thread/INFO]: [VanillaWorldMigration] Starting Vanilla import for world 'world_heaven_sky' (heaven:sky)
[07:02:51] [Server thread/INFO]: [VanillaWorldMigration] Completed Vanilla import for world 'world_heaven_sky' (heaven:sky)
[07:02:51] [Server thread/INFO]: Selecting spawn point for level 'heaven:sky'...
[07:02:51] [Server thread/INFO]: [VanillaWorldMigration] Starting Vanilla import for world 'world_nitdim_primordial_desert' (nitdim:primordial_desert)
[07:02:51] [Server thread/INFO]: [VanillaWorldMigration] Completed Vanilla import for world 'world_nitdim_primordial_desert' (nitdim:primordial_desert)
[07:02:51] [Server thread/INFO]: Selecting spawn point for level 'nitdim:primordial_desert'...
[07:02:53] [Server thread/INFO]: [VanillaWorldMigration] Starting Vanilla import for world 'world_deeper_dark_deeper_dark' (deeper_dark:deeper_dark)
[07:02:53] [Server thread/INFO]: [VanillaWorldMigration] Completed Vanilla import for world 'world_deeper_dark_deeper_dark' (deeper_dark:deeper_dark)
[07:02:53] [Server thread/INFO]: Selecting spawn point for level 'deeper_dark:deeper_dark'...
[07:02:58] [Server thread/INFO]: [VanillaWorldMigration] Starting Vanilla import for world 'world_nitdim_in_between' (nitdim:in_between)
[07:02:58] [Server thread/INFO]: [VanillaWorldMigration] Completed Vanilla import for world 'world_nitdim_in_between' (nitdim:in_between)
[07:02:58] [Server thread/INFO]: Selecting spawn point for level 'nitdim:in_between'...
[07:02:58] [Server thread/INFO]: [VanillaWorldMigration] Starting Vanilla import for world 'world_nitdim_buried_ocean' (nitdim:buried_ocean)
[07:02:58] [Server thread/INFO]: [VanillaWorldMigration] Completed Vanilla import for world 'world_nitdim_buried_ocean' (nitdim:buried_ocean)
[07:02:58] [Server thread/INFO]: Selecting spawn point for level 'nitdim:buried_ocean'...
[07:02:59] [Server thread/INFO]: [VanillaWorldMigration] Starting Vanilla import for world 'world_kattersstructures_deep_blue' (kattersstructures:deep_blue)
[07:02:59] [Server thread/INFO]: [VanillaWorldMigration] Completed Vanilla import for world 'world_kattersstructures_deep_blue' (kattersstructures:deep_blue)
[07:02:59] [Server thread/INFO]: Selecting spawn point for level 'kattersstructures:deep_blue'...
[07:02:59] [Server thread/INFO]: [VanillaWorldMigration] Starting Vanilla import for world 'world_yggdrasil_runic' (yggdrasil:runic)
[07:02:59] [Server thread/INFO]: [VanillaWorldMigration] Completed Vanilla import for world 'world_yggdrasil_runic' (yggdrasil:runic)
[07:02:59] [Server thread/INFO]: Selecting spawn point for level 'yggdrasil:runic'...
[07:03:00] [Server thread/INFO]: [VanillaWorldMigration] Starting Vanilla import for world 'world_nitdim_tempest' (nitdim:tempest)
[07:03:00] [Server thread/INFO]: [VanillaWorldMigration] Completed Vanilla import for world 'world_nitdim_tempest' (nitdim:tempest)
[07:03:00] [Server thread/INFO]: Selecting spawn point for level 'nitdim:tempest'...
[07:03:03] [Server thread/INFO]: [VanillaWorldMigration] Starting Vanilla import for world 'world_limbo_dimension' (limbo:dimension)
[07:03:03] [Server thread/INFO]: [VanillaWorldMigration] Completed Vanilla import for world 'world_limbo_dimension' (limbo:dimension)
[07:03:04] [Server thread/INFO]: Selecting spawn point for level 'limbo:dimension'...
[07:03:07] [Server thread/INFO]: Loading 25 persistent chunks for level 'minecraft:overworld'...
[07:03:07] [Server thread/INFO]: Preparing spawn area: 28%
[07:03:08] [Server thread/INFO]: Prepared spawn area in 454 ms
[07:03:08] [Server thread/INFO]: Loading 0 persistent chunks for level 'minecraft:the_nether'...
[07:03:08] [Server thread/INFO]: Preparing spawn area: 100%
[07:03:08] [Server thread/INFO]: Prepared spawn area in 88739 ms
[07:03:08] [Server thread/INFO]: Loading 0 persistent chunks for level 'minecraft:the_end'...
[07:03:08] [Server thread/INFO]: Preparing spawn area: 100%
[07:03:08] [Server thread/INFO]: Prepared spawn area in 82455 ms
[07:03:08] [Server thread/INFO]: Loading 0 persistent chunks for level 'limbo:limbo_dim'...
[07:03:08] [Server thread/INFO]: Preparing spawn area: 100%
[07:03:08] [Server thread/INFO]: Prepared spawn area in 27939 ms
[07:03:08] [Server thread/INFO]: Loading 0 persistent chunks for level 'heaven:sky'...
[07:03:08] [Server thread/INFO]: Preparing spawn area: 100%
[07:03:08] [Server thread/INFO]: Prepared spawn area in 16764 ms
[07:03:08] [Server thread/INFO]: Loading 0 persistent chunks for level 'nitdim:primordial_desert'...
[07:03:08] [Server thread/INFO]: Preparing spawn area: 100%
[07:03:08] [Server thread/INFO]: Prepared spawn area in 16301 ms
[07:03:08] [Server thread/INFO]: Loading 0 persistent chunks for level 'deeper_dark:deeper_dark'...
[07:03:08] [Server thread/INFO]: Preparing spawn area: 100%
[07:03:08] [Server thread/INFO]: Prepared spawn area in 14363 ms
[07:03:08] [Server thread/INFO]: Loading 0 persistent chunks for level 'nitdim:in_between'...
[07:03:08] [Server thread/INFO]: Preparing spawn area: 100%
[07:03:08] [Server thread/INFO]: Prepared spawn area in 9863 ms
[07:03:08] [Server thread/INFO]: Loading 0 persistent chunks for level 'nitdim:buried_ocean'...
[07:03:08] [Server thread/INFO]: Preparing spawn area: 100%
[07:03:08] [Server thread/INFO]: Prepared spawn area in 9621 ms
[07:03:08] [Server thread/INFO]: Loading 0 persistent chunks for level 'kattersstructures:deep_blue'...
[07:03:08] [Server thread/INFO]: Preparing spawn area: 100%
[07:03:08] [Server thread/INFO]: Prepared spawn area in 8987 ms
[07:03:08] [Server thread/INFO]: Loading 0 persistent chunks for level 'yggdrasil:runic'...
[07:03:08] [Server thread/INFO]: Preparing spawn area: 100%
[07:03:08] [Server thread/INFO]: Prepared spawn area in 8177 ms
[07:03:08] [Server thread/INFO]: Loading 0 persistent chunks for level 'nitdim:tempest'...
[07:03:08] [Server thread/INFO]: Preparing spawn area: 100%
[07:03:08] [Server thread/INFO]: Prepared spawn area in 7375 ms
[07:03:08] [Server thread/INFO]: Loading 0 persistent chunks for level 'limbo:dimension'...
[07:03:08] [Server thread/INFO]: Preparing spawn area: 100%
[07:03:08] [Server thread/INFO]: Prepared spawn area in 4070 ms
[07:03:08] [Server thread/INFO]: Done preparing level "world" (89.443s)
[07:03:08] [Server thread/INFO]: [Geyser-Spigot] Enabling Geyser-Spigot v2.11.2-SNAPSHOT
[07:03:09] [Server thread/INFO]: [PlaceholderAPI] Enabling PlaceholderAPI v2.12.3
[07:03:09] [Server thread/INFO]: [PlaceholderAPI] Fetching available expansion information...
[07:03:09] [Server thread/INFO]: [WonderEvents] Enabling WonderEvents v26.08.1
[07:03:09] [Server thread/INFO]: [WonderEvents] [-] Warming up...
[07:03:09] [Server thread/INFO]: [WonderEvents] 
[07:03:09] [Server thread/INFO]: [WonderEvents]           ::::::
[07:03:09] [Server thread/INFO]: [WonderEvents]       ::::::::
[07:03:09] [Server thread/INFO]: [WonderEvents]     ::::::::        ::
[07:03:09] [Server thread/INFO]: [WonderEvents]   ::::::::      ::  ::  ::
[07:03:09] [Server thread/INFO]: [WonderEvents]   ::::::::        ::::::
[07:03:09] [Server thread/INFO]: [WonderEvents] ::::::::::    ::::::::::::::
[07:03:09] [Server thread/INFO]: [WonderEvents] ::::::::::        ::::::
[07:03:09] [Server thread/INFO]: [WonderEvents] ::::::::::      ::  ::  ::    ::
[07:03:09] [Server thread/INFO]: [WonderEvents] ::::::::::          ::        ::
[07:03:09] [Server thread/INFO]: [WonderEvents] ::::::::::::                ::::
[07:03:09] [Server thread/INFO]: [WonderEvents] ::::::::::::::            ::::::
[07:03:09] [Server thread/INFO]: [WonderEvents] ::::::::::::::::::::::::::::::::
[07:03:09] [Server thread/INFO]: [WonderEvents]   ::::::::::::::::::::::::::::
[07:03:09] [Server thread/INFO]: [WonderEvents]     ::::::::::::::::::::::::
[07:03:09] [Server thread/INFO]: [WonderEvents]       ::::::::::::::::::::
[07:03:09] [Server thread/INFO]: [WonderEvents]           ::::::::::::
[07:03:09] [Server thread/INFO]: [WonderEvents] 
[07:03:09] [Server thread/INFO]: [WonderEvents] +------------------------------------------+
[07:03:09] [Server thread/INFO]: [WonderEvents] |               WonderEvents               |
[07:03:09] [Server thread/INFO]: [WonderEvents] +------------------------------------------+
[07:03:09] [Server thread/INFO]: [WonderEvents] | Version: 26.08.1                         |
[07:03:09] [Server thread/INFO]: [WonderEvents] | Running on: Paper (MC: 26.2, Build: 117) |
[07:03:09] [Server thread/INFO]: [WonderEvents] | Downloaded from: Hangar                  |
[07:03:09] [Server thread/INFO]: [WonderEvents] +------------------------------------------+
[07:03:09] [Server thread/INFO]: [WonderEvents] |     Made with <3 from Voiid Studios      |
[07:03:09] [Server thread/INFO]: [WonderEvents] +------------------------------------------+
[07:03:09] [Server thread/INFO]: [WonderEvents] [-] Getting everything ready for you...
[07:03:09] [Server thread/INFO]: [WonderEvents] [-] Looking for commands...
[07:03:09] [Server thread/INFO]: [WonderEvents] [✓] Registered 4 commands. They're all ears! (2ms)
[07:03:09] [Server thread/INFO]: [WonderEvents] [-] Looking for expansions...
[07:03:09] [Server thread/INFO]: [WonderEvents] [-] (Extremo3Vanilla) Cargando recursos...
[07:03:10] [Server thread/INFO]: [WonderEvents] [✓] (Extremo3Vanilla) [Hazard] Niveles cargados: 4
[07:03:10] [Server thread/INFO]: [WonderEvents] [✓] (Extremo3Vanilla) [Animator] Animaciones cargadas: 7
[07:03:10] [Server thread/INFO]: [WonderEvents] [✓] (Extremo3Vanilla) Extremo 3 Vanilla cargado correctamente!
[07:03:10] [Server thread/INFO]: [WonderEvents] [✓] [Expansions] Loaded expansion: Extremo3Vanilla
[07:03:10] [Server thread/INFO]: [WonderEvents] [✓] (Extremo3Vanilla) PlaceholderAPI detectado. Agregando los placeholders de E3V...
[07:03:10] [Server thread/INFO]: [PlaceholderAPI] Successfully registered internal expansion: e3v [2026.08.0]
[07:03:10] [Server thread/INFO]: [WonderEvents] [✓] (Extremo3Vanilla) Placeholders de E3V registrados!
[07:03:10] [Server thread/INFO]: [WonderEvents] [✓] Loaded 1 expansions. They're ready for action! (239ms)
[07:03:10] [Server thread/INFO]: [WonderEvents] [-] Looking for addons...
[07:03:10] [Server thread/INFO]: [WonderEvents] [!] [Addons] Hmm, it's so quiet... there's no one on /addons...
[07:03:10] [Server thread/INFO]: [WonderEvents] [-] Connecting the satellites...
[07:03:10] [Server thread/INFO]: [WonderEvents] [✓] All set! WonderEvents is set up correctly (534ms)
[07:03:10] [Server thread/INFO]: [BetterHud] Enabling BetterHud v2.1.0-SNAPSHOT-448
[07:03:10] [Server thread/WARN]: [BetterHud] This build is dev version - be careful to use it!
[07:03:11] [Server thread/INFO]: [spark] Starting background profiler...
[07:03:12] [Server thread/INFO]: [Geyser-Spigot] ******************************************
[07:03:12] [Server thread/INFO]: [Geyser-Spigot] 
[07:03:12] [Server thread/INFO]: [Geyser-Spigot] Loading Geyser version 2.11.2-b1231 (git-master-506f8b1)
[07:03:12] [Server thread/INFO]: [Geyser-Spigot] 
[07:03:12] [Server thread/INFO]: [Geyser-Spigot] ******************************************
[07:03:13] [Server thread/INFO]: [Geyser-Spigot] Registered 199 custom block overrides.
[07:03:13] [Server thread/INFO]: [Geyser-Spigot] Registered 2 custom block item overrides.
[07:03:13] [Server thread/INFO]: [Geyser-Spigot] Registered 7 custom blocks.
[07:03:15] [Server thread/INFO]: [Geyser-Spigot] Registered 1 custom items
[07:03:16] [GeyserServer-3-1/INFO]: [Geyser-Spigot] Started Geyser on UDP port 19132
[07:03:16] [Server thread/INFO]: [Geyser-Spigot] Done (3.323s)! Run /geyser help for help!
[07:03:16] [Server thread/INFO]: [PlaceholderAPI] Placeholder expansion registration initializing...
[07:03:19] [Server thread/INFO]: [BetterHud] Minecraft version: 26.2.0, NMS version: V26_R2
[07:03:19] [Server thread/INFO]: [BetterHud] Platform: Paper
[07:03:19] [Server thread/INFO]: [BetterHud] Plugin enabled.
[07:03:19] [Server thread/INFO]: Saving chunks for level 'ServerLevel[world]'/minecraft:overworld
[07:03:20] [Server thread/INFO]: Saving chunks for level 'ServerLevel[world]'/minecraft:the_nether
[07:03:20] [Server thread/INFO]: Saving chunks for level 'ServerLevel[world]'/minecraft:the_end
[07:03:20] [Server thread/INFO]: Saving chunks for level 'ServerLevel[world]'/limbo:limbo_dim
[07:03:20] [Server thread/INFO]: Saving chunks for level 'ServerLevel[world]'/heaven:sky
[07:03:20] [Server thread/INFO]: Saving chunks for level 'ServerLevel[world]'/nitdim:primordial_desert
[07:03:20] [Server thread/INFO]: Saving chunks for level 'ServerLevel[world]'/deeper_dark:deeper_dark
[07:03:20] [Server thread/INFO]: Saving chunks for level 'ServerLevel[world]'/nitdim:in_between
[07:03:20] [Server thread/INFO]: Saving chunks for level 'ServerLevel[world]'/nitdim:buried_ocean
[07:03:20] [Server thread/INFO]: Saving chunks for level 'ServerLevel[world]'/kattersstructures:deep_blue
[07:03:20] [Server thread/INFO]: Saving chunks for level 'ServerLevel[world]'/yggdrasil:runic
[07:03:20] [Server thread/INFO]: Saving chunks for level 'ServerLevel[world]'/nitdim:tempest
[07:03:20] [Server thread/INFO]: Saving chunks for level 'ServerLevel[world]'/limbo:dimension
[07:03:20] [Server thread/INFO]: ThreadedAnvilChunkStorage (world): All chunks are saved
[07:03:20] [Server thread/INFO]: ThreadedAnvilChunkStorage (DIM-1): All chunks are saved
[07:03:20] [Server thread/INFO]: ThreadedAnvilChunkStorage (DIM1): All chunks are saved
[07:03:20] [Server thread/INFO]: ThreadedAnvilChunkStorage (limbo_dim): All chunks are saved
[07:03:20] [Server thread/INFO]: ThreadedAnvilChunkStorage (sky): All chunks are saved
[07:03:20] [Server thread/INFO]: ThreadedAnvilChunkStorage (primordial_desert): All chunks are saved
[07:03:20] [Server thread/INFO]: ThreadedAnvilChunkStorage (deeper_dark): All chunks are saved
[07:03:20] [Server thread/INFO]: ThreadedAnvilChunkStorage (in_between): All chunks are saved
[07:03:20] [Server thread/INFO]: ThreadedAnvilChunkStorage (buried_ocean): All chunks are saved
[07:03:20] [Server thread/INFO]: ThreadedAnvilChunkStorage (deep_blue): All chunks are saved
[07:03:20] [Server thread/INFO]: ThreadedAnvilChunkStorage (runic): All chunks are saved
[07:03:20] [Server thread/INFO]: ThreadedAnvilChunkStorage (tempest): All chunks are saved
[07:03:20] [Server thread/INFO]: ThreadedAnvilChunkStorage (dimension): All chunks are saved
[07:03:20] [Server thread/INFO]: ThreadedAnvilChunkStorage: All dimensions are saved
[07:03:20] [Server thread/INFO]: Running delayed init tasks
[07:03:20] [Server thread/INFO]: Done (153.849s)! For help, type "help"
[07:03:20] [Craft Scheduler Thread - 4 - WonderEvents/INFO]: [WonderEvents] [-] Checking for updates...
[07:03:20] [Server thread/INFO]: [PlaceholderAPI] Successfully registered external expansion: player [2.0.9]
[07:03:20] [Server thread/INFO]: 1 placeholder hook(s) registered!
[07:03:20] [Paper Async Task Handler Thread - 1/INFO]: *** Currently you are 2 builds behind ***
[07:03:20] [Paper Async Task Handler Thread - 1/INFO]: *** It is highly recommended to download the latest build from https://papermc.io/downloads/paper ***
[07:03:20] [Craft Scheduler Thread - 4 - WonderEvents/INFO]: [WonderEvents] [✓] You are using the latest version of WonderEvents!
[07:03:20] [Server thread/INFO]: TPS from last 1m, 5m, 15m: 20.0, 20.0, 20.0
[07:03:26] [Server thread/INFO]: TPS from last 1m, 5m, 15m: 19.3, 19.3, 19.3
[07:03:29] [Server thread/INFO]: [Not Secure] [Server] hola
[07:03:32] [Server thread/INFO]: TPS from last 1m, 5m, 15m: 19.7, 19.7, 19.7
[07:03:46] [User Authenticator #0/INFO]: UUID of player VenaticWinner67 is 27624550-5762-38db-a0a7-5ccd77095ef1
[07:03:50] [Server thread/INFO]: >> VenaticWinner67 se ha conectado
[07:03:50] [Server thread/INFO]: VenaticWinner67[/100.115.132.104:50957] logged in with entity id 175 at ([minecraft:overworld]-5.918475069993573, 70.0, -30.750721128114204)
[07:03:52] [Server thread/INFO]: VenaticWinner67 lost connection: Disconnected
[07:03:52] [Server thread/INFO]: << VenaticWinner67 se ha desconectado
[07:07:54] [Server thread/WARN]: Error reading pack metadata, attempting fallback type
com.google.gson.JsonParseException: Pack version declaration mismatch between supported_formats (from 84) and min_format (71.0)
	at com.mojang.serialization.DataResult$Error.getOrThrow(DataResult.java:287) ~[datafixerupper-10.0.21.jar:?]
	at net.minecraft.server.packs.resources.ResourceMetadata$2.getSection(ResourceMetadata.java:38) ~[paper-26.2.jar:26.2-117-27af5dd]
	at net.minecraft.server.packs.AbstractPackResources.getMetadataSection(AbstractPackResources.java:24) ~[paper-26.2.jar:26.2-117-27af5dd]
	at net.minecraft.server.packs.repository.Pack.readPackMetadata(Pack.java:51) ~[paper-26.2.jar:26.2-117-27af5dd]
	at net.minecraft.server.packs.repository.Pack.readMetaAndCreate(Pack.java:32) ~[paper-26.2.jar:26.2-117-27af5dd]
	at net.minecraft.server.packs.repository.FolderRepositorySource.lambda$loadPacks$0(FolderRepositorySource.java:54) ~[paper-26.2.jar:26.2-117-27af5dd]
	at net.minecraft.server.packs.repository.FolderRepositorySource.discoverPacks(FolderRepositorySource.java:80) ~[paper-26.2.jar:26.2-117-27af5dd]
	at net.minecraft.server.packs.repository.FolderRepositorySource.loadPacks(FolderRepositorySource.java:52) ~[paper-26.2.jar:26.2-117-27af5dd]
	at net.minecraft.server.packs.repository.PackRepository.discoverAvailable(PackRepository.java:52) ~[paper-26.2.jar:26.2-117-27af5dd]
	at net.minecraft.server.packs.repository.PackRepository.reload(PackRepository.java:44) ~[paper-26.2.jar:26.2-117-27af5dd]
	at net.minecraft.server.packs.repository.PackRepository.reload(PackRepository.java:39) ~[paper-26.2.jar:26.2-117-27af5dd]
	at net.minecraft.server.commands.DataPackCommand.listEnabledPacks(DataPackCommand.java:269) ~[paper-26.2.jar:26.2-117-27af5dd]
	at net.minecraft.server.commands.DataPackCommand.listPacks(DataPackCommand.java:241) ~[paper-26.2.jar:26.2-117-27af5dd]
	at net.minecraft.server.commands.DataPackCommand.lambda$register$10(DataPackCommand.java:152) ~[paper-26.2.jar:26.2-117-27af5dd]
	at com.mojang.brigadier.context.ContextChain.runExecutable(ContextChain.java:73) ~[brigadier-1.3.10.jar:?]
	at net.minecraft.commands.execution.tasks.ExecuteCommand.execute(ExecuteCommand.java:30) ~[paper-26.2.jar:26.2-117-27af5dd]
	at net.minecraft.commands.execution.tasks.ExecuteCommand.execute(ExecuteCommand.java:13) ~[paper-26.2.jar:26.2-117-27af5dd]
	at net.minecraft.commands.execution.UnboundEntryAction.lambda$bind$0(UnboundEntryAction.java:8) ~[paper-26.2.jar:26.2-117-27af5dd]
	at net.minecraft.commands.execution.CommandQueueEntry.execute(CommandQueueEntry.java:5) ~[paper-26.2.jar:26.2-117-27af5dd]
	at net.minecraft.commands.execution.ExecutionContext.runCommandQueue(ExecutionContext.java:104) ~[paper-26.2.jar:26.2-117-27af5dd]
	at net.minecraft.commands.Commands.executeCommandInContext(Commands.java:470) ~[paper-26.2.jar:26.2-117-27af5dd]
	at net.minecraft.commands.Commands.performCommand(Commands.java:378) ~[paper-26.2.jar:26.2-117-27af5dd]
	at net.minecraft.commands.Commands.performCommand(Commands.java:366) ~[paper-26.2.jar:26.2-117-27af5dd]
	at net.minecraft.commands.Commands.performPrefixedCommand(Commands.java:357) ~[paper-26.2.jar:26.2-117-27af5dd]
	at net.minecraft.server.dedicated.DedicatedServer.handleConsoleInputs(DedicatedServer.java:574) ~[paper-26.2.jar:26.2-117-27af5dd]
	at net.minecraft.server.dedicated.DedicatedServer.tickConnection(DedicatedServer.java:530) ~[paper-26.2.jar:26.2-117-27af5dd]
	at net.minecraft.server.MinecraftServer.tickChildren(MinecraftServer.java:1837) ~[paper-26.2.jar:26.2-117-27af5dd]
	at net.minecraft.server.MinecraftServer.tickServer(MinecraftServer.java:1620) ~[paper-26.2.jar:26.2-117-27af5dd]
	at net.minecraft.server.dedicated.DedicatedServer.tickServer(DedicatedServer.java:404) ~[paper-26.2.jar:26.2-117-27af5dd]
	at net.minecraft.server.MinecraftServer.processPacketsAndTick(MinecraftServer.java:1678) ~[paper-26.2.jar:26.2-117-27af5dd]
	at net.minecraft.server.MinecraftServer.runServer(MinecraftServer.java:1348) ~[paper-26.2.jar:26.2-117-27af5dd]
	at net.minecraft.server.MinecraftServer.lambda$spin$0(MinecraftServer.java:303) ~[paper-26.2.jar:26.2-117-27af5dd]
	at java.base/java.lang.Thread.run(Thread.java:1474) ~[?:?]
[07:07:54] [Server thread/INFO]: There are 64 data pack(s) enabled: [vanilla (built-in)], [file/ATi Structures Vanilla V1.4.5.zip (world)], [file/Amplified_Nether_v1.2.15.zip (world)], [file/Better Trees 1.9.3.zip (world)], [file/Clumps v1.1.0 [1.21.6-1.21.9].zip (world)], [file/Deeper Dark 4.4.1.zip (world)], [file/DnT Ancient City Overhaul v3.4.zip (world)], [file/DnT Desert Temple Overhaul v2.1.zip (world)], [file/DnT Jungle Temple Overhaul v2.1.zip (world)], [file/DnT Mineshaft Overhaul v1.1.zip (world)], [file/DnT Nether Fortress Overhaul v3.1.zip (world)], [file/DnT Ocean Monument Overhaul v2.2.1.zip (world)], [file/DnT Pillager Outpost Overhaul v3.3.zip (world)], [file/DnT Stronghold Overhaul v2.4.0.zip (world)], [file/DnT Swamp Hut Overhaul v2.3.zip (world)], [file/DnT Woodland Mansion Overhual v2.1.zip (world)], [file/Dungeons and Taverns v5.3.0.zip (world)], [file/Dungeons+ V1.12.0.zip (world)], [file/Enchantments Expansion v1.2.0 [26.2].zip (world)], [file/Ender-Dragon-Fight-Remastered-v5.0.2.zip (world)], [file/Explorify v1.6.5.dp.zip (world)], [file/Grim kingdoms Vanilla (1.21+26+).zip (world)], [file/Health-2.3.0.zip (world)], [file/Immersive sounds v2.0.zip (world)], [file/Incendium_Legacy_26.2_v5.5.0.zip (world)], [file/Katters Structures Only Ambient v2.5.zip (world)], [file/Katters Structures Only Dungeons v2.5.zip (world)], [file/Katters Structures Only Villages v2.5.zip (world)], [file/Katters Structures v2.5.zip (world)], [file/Limbo 26.2 prod V1.6.zip (world)], [file/NeoEnchant-5.16.0.zip (world)], [file/Nullscape_26.2_v1.2.20.zip (world)], [file/Stellarity-5.5.5.zip (world)], [file/Structory_Towers_v1.0.17.zip (world)], [file/Structory_v1.3.7.zip (world)], [file/Structures v4.0.zip (world)], [file/Structures+ v2.8.zip (world)], [file/Terralith_26.2_v2.6.4.zip (world)], [file/Thuns-structures-1-3-3.zip (world)], [file/Towers_Of_The_Wild_Reworked-v4.4.4+1.21-26.2-Wraith_Waystones.zip (world)], [file/Trek 1.21-26.2 B0.6.2.zip (world)], [file/Unlimited Trading 1.14 - 26.1.2 v3.3.zip (world)], [file/Vanilla structure update 26.2.zip (world)], [file/Wind Boost Enchantment.zip (world)], [file/Yggdrasil-7.1.0.zip (world)], [file/ddd-v.1.0.6-MC-26.1.zip (world)], [file/enchantments_encore_4.7.zip (world)], [file/heaven26.2.zip (world)], [file/hopobettermineshaft-26-2-1-3-7.zip (world)], [file/hopobetterruinedportals-26-2-1-5-1.zip (world)], [file/hopobetterunderwaterruins-26-2-1-2-8.zip (world)], [file/limbo-26-2.zip (world)], [file/more_mobs-v1.5.10-mc1.14-26.2.9-datapack.zip (world)], [file/new-in-town-by-kanokarob-v2.25.zip (world)], [file/nit-dimensions-by-kanokarob-v0.12.zip (world)], [file/no-collision-26.2-0.1.zip (world)], [file/pk_waystones_V.3.5.5_mc_26.2.zip (world)], [file/portfolio-26.x-1.6.0-datapack.zip (world)], [file/ruins_n_towers_0.3.1_26.2.zip (world)], [file/sit.zip (world)], [file/spawnanimations-v1.11.5-mc1.17-26.2.9-datapack.zip (world)], [file/t_and_t-datapack-26.x.zip (world)], [file/tectonic-datapack-3.0.25.zip (world)], [paper (built-in)]
[07:07:54] [Server thread/WARN]: Error reading pack metadata, attempting fallback type
com.google.gson.JsonParseException: Pack version declaration mismatch between supported_formats (from 84) and min_format (71.0)
	at com.mojang.serialization.DataResult$Error.getOrThrow(DataResult.java:287) ~[datafixerupper-10.0.21.jar:?]
	at net.minecraft.server.packs.resources.ResourceMetadata$2.getSection(ResourceMetadata.java:38) ~[paper-26.2.jar:26.2-117-27af5dd]
	at net.minecraft.server.packs.AbstractPackResources.getMetadataSection(AbstractPackResources.java:24) ~[paper-26.2.jar:26.2-117-27af5dd]
	at net.minecraft.server.packs.repository.Pack.readPackMetadata(Pack.java:51) ~[paper-26.2.jar:26.2-117-27af5dd]
	at net.minecraft.server.packs.repository.Pack.readMetaAndCreate(Pack.java:32) ~[paper-26.2.jar:26.2-117-27af5dd]
	at net.minecraft.server.packs.repository.FolderRepositorySource.lambda$loadPacks$0(FolderRepositorySource.java:54) ~[paper-26.2.jar:26.2-117-27af5dd]
	at net.minecraft.server.packs.repository.FolderRepositorySource.discoverPacks(FolderRepositorySource.java:80) ~[paper-26.2.jar:26.2-117-27af5dd]
	at net.minecraft.server.packs.repository.FolderRepositorySource.loadPacks(FolderRepositorySource.java:52) ~[paper-26.2.jar:26.2-117-27af5dd]
	at net.minecraft.server.packs.repository.PackRepository.discoverAvailable(PackRepository.java:52) ~[paper-26.2.jar:26.2-117-27af5dd]
	at net.minecraft.server.packs.repository.PackRepository.reload(PackRepository.java:44) ~[paper-26.2.jar:26.2-117-27af5dd]
	at net.minecraft.server.packs.repository.PackRepository.reload(PackRepository.java:39) ~[paper-26.2.jar:26.2-117-27af5dd]
	at net.minecraft.server.commands.DataPackCommand.listAvailablePacks(DataPackCommand.java:246) ~[paper-26.2.jar:26.2-117-27af5dd]
	at net.minecraft.server.commands.DataPackCommand.listPacks(DataPackCommand.java:241) ~[paper-26.2.jar:26.2-117-27af5dd]
	at net.minecraft.server.commands.DataPackCommand.lambda$register$10(DataPackCommand.java:152) ~[paper-26.2.jar:26.2-117-27af5dd]
	at com.mojang.brigadier.context.ContextChain.runExecutable(ContextChain.java:73) ~[brigadier-1.3.10.jar:?]
	at net.minecraft.commands.execution.tasks.ExecuteCommand.execute(ExecuteCommand.java:30) ~[paper-26.2.jar:26.2-117-27af5dd]
	at net.minecraft.commands.execution.tasks.ExecuteCommand.execute(ExecuteCommand.java:13) ~[paper-26.2.jar:26.2-117-27af5dd]
	at net.minecraft.commands.execution.UnboundEntryAction.lambda$bind$0(UnboundEntryAction.java:8) ~[paper-26.2.jar:26.2-117-27af5dd]
	at net.minecraft.commands.execution.CommandQueueEntry.execute(CommandQueueEntry.java:5) ~[paper-26.2.jar:26.2-117-27af5dd]
	at net.minecraft.commands.execution.ExecutionContext.runCommandQueue(ExecutionContext.java:104) ~[paper-26.2.jar:26.2-117-27af5dd]
	at net.minecraft.commands.Commands.executeCommandInContext(Commands.java:470) ~[paper-26.2.jar:26.2-117-27af5dd]
	at net.minecraft.commands.Commands.performCommand(Commands.java:378) ~[paper-26.2.jar:26.2-117-27af5dd]
	at net.minecraft.commands.Commands.performCommand(Commands.java:366) ~[paper-26.2.jar:26.2-117-27af5dd]
	at net.minecraft.commands.Commands.performPrefixedCommand(Commands.java:357) ~[paper-26.2.jar:26.2-117-27af5dd]
	at net.minecraft.server.dedicated.DedicatedServer.handleConsoleInputs(DedicatedServer.java:574) ~[paper-26.2.jar:26.2-117-27af5dd]
	at net.minecraft.server.dedicated.DedicatedServer.tickConnection(DedicatedServer.java:530) ~[paper-26.2.jar:26.2-117-27af5dd]
	at net.minecraft.server.MinecraftServer.tickChildren(MinecraftServer.java:1837) ~[paper-26.2.jar:26.2-117-27af5dd]
	at net.minecraft.server.MinecraftServer.tickServer(MinecraftServer.java:1620) ~[paper-26.2.jar:26.2-117-27af5dd]
	at net.minecraft.server.dedicated.DedicatedServer.tickServer(DedicatedServer.java:404) ~[paper-26.2.jar:26.2-117-27af5dd]
	at net.minecraft.server.MinecraftServer.processPacketsAndTick(MinecraftServer.java:1678) ~[paper-26.2.jar:26.2-117-27af5dd]
	at net.minecraft.server.MinecraftServer.runServer(MinecraftServer.java:1348) ~[paper-26.2.jar:26.2-117-27af5dd]
	at net.minecraft.server.MinecraftServer.lambda$spin$0(MinecraftServer.java:303) ~[paper-26.2.jar:26.2-117-27af5dd]
	at java.base/java.lang.Thread.run(Thread.java:1474) ~[?:?]
[07:07:54] [Server thread/INFO]: There are 1 data pack(s) available: [file/Enchants+ v1.6 1.21 - 1.21.11.zip (world)]
[07:08:52] [Server thread/INFO]: TPS from last 1m, 5m, 15m: 20.0, 20.0, 20.0
[07:09:30] [User Authenticator #1/INFO]: UUID of player VenaticWinner67 is 27624550-5762-38db-a0a7-5ccd77095ef1
[07:09:34] [Server thread/INFO]: >> VenaticWinner67 se ha conectado
[07:09:34] [Server thread/INFO]: VenaticWinner67[/100.115.132.104:50991] logged in with entity id 220 at ([minecraft:overworld]-5.918475069993573, 70.0, -30.750721128114204)
[07:09:36] [Server thread/INFO]: VenaticWinner67 lost connection: Disconnected
[07:09:36] [Server thread/INFO]: << VenaticWinner67 se ha desconectado
